---
source: tests/it_feeds.rs
expression: "conn.find_posts(USER_ID, None, None, None, None,\n                Some(RSS_HACKER_NEWS_ID)).unwrap()"
---
{
  "has_next_page": false,
  "items": []
}
